Initialized native services in: C:\Users\Manu\.gradle\native
Initialized jansi services in: C:\Users\Manu\.gradle\native
Found daemon DaemonInfo{pid=21624, address=[3bbb8c61-6271-4c75-8116-90781ef311ed port:58545, addresses:[/127.0.0.1]], state=Idle, lastBusy=1769276563288, context=DefaultDaemonContext[uid=23176308-4208-4a99-9642-bb4c54fa488c,javaHome=C:\Users\Manu\.antigravity\extensions\redhat.java-1.51.0-win32-x64\jre\21.0.9-win32-x86_64,javaVersion=21,javaVendor=Eclipse Adoptium,daemonRegistryDir=C:\Users\Manu\.gradle\daemon,pid=21624,idleTimeout=10800000,priority=NORMAL,applyInstrumentationAgent=true,nativeServicesMode=ENABLED,daemonOpts=-Xmx2048m,-Dfile.encoding=UTF-8,-Duser.country=US,-Duser.language=en,-Duser.variant]} however its context does not match the desired criteria.
JVM is incompatible.
Wanted: DaemonRequestContext{jvmCriteria=C:\Program Files\Microsoft\jdk-17.0.17.10-hotspot (no JDK specified, using current Java home), daemonOpts=[-Xmx2048m, -Dfile.encoding=UTF-8, -Duser.country=US, -Duser.language=en, -Duser.variant], applyInstrumentationAgent=true, nativeServicesMode=ENABLED, priority=NORMAL}
Actual: DefaultDaemonContext[uid=23176308-4208-4a99-9642-bb4c54fa488c,javaHome=C:\Users\Manu\.antigravity\extensions\redhat.java-1.51.0-win32-x64\jre\21.0.9-win32-x86_64,javaVersion=21,javaVendor=Eclipse Adoptium,daemonRegistryDir=C:\Users\Manu\.gradle\daemon,pid=21624,idleTimeout=10800000,priority=NORMAL,applyInstrumentationAgent=true,nativeServicesMode=ENABLED,daemonOpts=-Xmx2048m,-Dfile.encoding=UTF-8,-Duser.country=US,-Duser.language=en,-Duser.variant]

  Looking for a different daemon...
The client will now receive all logging from the daemon (pid: 23180). The daemon log file: C:\Users\Manu\.gradle\daemon\9.1.0\daemon-23180.out.log
Starting 6th build in daemon [uptime: 14 mins 36.311 secs, performance: 99%, GC rate: 0.00/s, heap usage: 0% of 2 GiB]
Using 16 worker leases.
Now considering [C:\Repos\baby-sleep-android] as hierarchies to watch
Watching the file system is configured to be enabled if available
File system watching is active
Starting Build
Settings evaluated using settings file 'C:\Repos\baby-sleep-android\settings.gradle.kts'.
Projects loaded. Root project using build file 'C:\Repos\baby-sleep-android\build.gradle.kts'.
Included projects: [root project 'BabySleepMonitor', project ':app']

> Configure project :
Evaluating root project 'BabySleepMonitor' using build file 'C:\Repos\baby-sleep-android\build.gradle.kts'.
Resolved plugin [id: 'com.android.application', version: '9.0.0', apply: false]
Resolved plugin [id: 'org.jetbrains.kotlin.android', version: '2.2.10', apply: false]

> Configure project :app
Evaluating project ':app' using build file 'C:\Repos\baby-sleep-android\app\build.gradle.kts'.
Resolved plugin [id: 'com.android.application', version: '9.0.0']
Resolved plugin [id: 'org.jetbrains.kotlin.android', version: '2.2.10']
WARNING: The option setting 'android.usesSdkInManifest.disallowed=false' is deprecated.
The current default is 'true'.
It will be removed in version 10.0 of the Android Gradle plugin.
WARNING: The option setting 'android.sdk.defaultTargetSdkToCompileSdkIfUnset=false' is deprecated.
The current default is 'true'.
It will be removed in version 10.0 of the Android Gradle plugin.
WARNING: The option setting 'android.enableAppCompileTimeRClass=false' is deprecated.
The current default is 'true'.
It will be removed in version 10.0 of the Android Gradle plugin.
WARNING: The option setting 'android.builtInKotlin=false' is deprecated.
The current default is 'true'.
It will be removed in version 10.0 of the Android Gradle plugin.
WARNING: The option setting 'android.newDsl=false' is deprecated.
The current default is 'true'.
It will be removed in version 10.0 of the Android Gradle plugin.
WARNING: The option setting 'android.r8.optimizedResourceShrinking=false' is deprecated.
The current default is 'true'.
It will be removed in version 10.0 of the Android Gradle plugin.
WARNING: The option setting 'android.defaults.buildfeatures.resvalues=true' is deprecated.
The current default is 'false'.
It will be removed in version 10.0 of the Android Gradle plugin.
Using default execution profile
Build 1e9fd55e-bc5d-4362-9c3d-29452cb93efe is started
Using Kotlin Gradle Plugin gradle813 variant
WARNING: The property android.dependency.excludeLibraryComponentsFromConstraints improves project import performance for very large projects. It should be enabled to improve performance.
To suppress this warning, add android.generateSyncIssueWhenLibraryConstraintsAreEnabled=false to gradle.properties
WARNING: The property android.dependency.excludeLibraryComponentsFromConstraints improves project import performance for very large projects. It should be enabled to improve performance.
To suppress this warning, add android.generateSyncIssueWhenLibraryConstraintsAreEnabled=false to gradle.properties
WARNING: The property android.dependency.excludeLibraryComponentsFromConstraints improves project import performance for very large projects. It should be enabled to improve performance.
To suppress this warning, add android.generateSyncIssueWhenLibraryConstraintsAreEnabled=false to gradle.properties
WARNING: The property android.dependency.excludeLibraryComponentsFromConstraints improves project import performance for very large projects. It should be enabled to improve performance.
To suppress this warning, add android.generateSyncIssueWhenLibraryConstraintsAreEnabled=false to gradle.properties
All projects evaluated.
Adding -Xuse-inline-scopes-numbers Kotlin compiler flag for task :app:compileDebugKotlin
Task name matched 'compileDebugKotlin'
Selected primary task 'compileDebugKotlin' from project :
Tasks to be executed: [task ':app:checkKotlinGradlePluginConfigurationErrors', task ':app:preBuild', task ':app:preDebugBuild', task ':app:dataBindingMergeDependencyArtifactsDebug', task ':app:generateDebugResValues', task ':app:generateDebugResources', task ':app:mergeDebugResources', task ':app:packageDebugResources', task ':app:processDebugNavigationResources', task ':app:parseDebugLocalResources', task ':app:dataBindingGenBaseClassesDebug', task ':app:checkDebugAarMetadata', task ':app:compileDebugNavigationResources', task ':app:mapDebugSourceSetPaths', task ':app:createDebugCompatibleScreenManifests', task ':app:extractDeepLinksDebug', task ':app:processDebugMainManifest', task ':app:processDebugManifest', task ':app:processDebugManifestForPackage', task ':app:processDebugResources', task ':app:compileDebugKotlin']
Tasks that were excluded: []
Resolve mutations for :app:checkKotlinGradlePluginConfigurationErrors (Thread[Execution worker,5,main]) started.
:app:checkKotlinGradlePluginConfigurationErrors (Thread[Execution worker,5,main]) started.

> Task :app:checkKotlinGradlePluginConfigurationErrors SKIPPED
Skipping task ':app:checkKotlinGradlePluginConfigurationErrors' as task onlyIf 'errorDiagnostics are present' is false.
Resolve mutations for :app:preBuild (Thread[Execution worker,5,main]) started.
:app:preBuild (Thread[Execution worker Thread 11,5,main]) started.

> Task :app:preBuild UP-TO-DATE
Skipping task ':app:preBuild' as it has no actions.
Resolve mutations for :app:preDebugBuild (Thread[Execution worker Thread 11,5,main]) started.
:app:preDebugBuild (Thread[Execution worker Thread 6,5,main]) started.

> Task :app:preDebugBuild UP-TO-DATE
Skipping task ':app:preDebugBuild' as it has no actions.
Resolve mutations for :app:dataBindingMergeDependencyArtifactsDebug (Thread[Execution worker Thread 6,5,main]) started.
:app:dataBindingMergeDependencyArtifactsDebug (Thread[Execution worker Thread 6,5,main]) started.

> Task :app:dataBindingMergeDependencyArtifactsDebug FAILED
Resource missing. [HTTP GET: https://dl.google.com/dl/android/maven2/com/seanproctor/onvifcamera-android/2.1.5/onvifcamera-android-2.1.5.pom]
Resource missing. [HTTP GET: https://repo.maven.apache.org/maven2/com/seanproctor/onvifcamera-android/2.1.5/onvifcamera-android-2.1.5.pom]
Resource missing. [HTTP GET: https://jitpack.io/com/seanproctor/onvifcamera-android/2.1.5/onvifcamera-android-2.1.5.pom]
.\gradlew.bat : 
At line:1 char:1
+ .\gradlew.bat compileDebugKotlin --info 2>&1 | Out-File 
-FilePath bui ...
+ ~~~~~~~~~~~~~~~~~~~~~~~~~~~~~~~~~~~~~~~~~~~~
    + CategoryInfo          : NotSpecified: (:String) [], R 
   emoteException
    + FullyQualifiedErrorId : NativeCommandError
 
FAILURE: Build failed with an exception.

* What went wrong:
Execution failed for task 
':app:dataBindingMergeDependencyArtifactsDebug'.
> Could not resolve all files for configuration 
':app:debugCompileClasspath'.
   > Could not find 
com.seanproctor:onvifcamera-android:2.1.5.
     Required by:
         project ':app'

* Try:
> Run with --stacktrace option to get the stack trace.
> Run with --debug option to get more log output.
> Run with --scan to generate a Build Scan (Powered by 
Develocity).
> Get more help at https://help.gradle.org.

BUILD FAILED in 2s
Build 1e9fd55e-bc5d-4362-9c3d-29452cb93efe is closed
1 actionable task: 1 executed
Watched directory hierarchies: [C:\Repos\baby-sleep-android]
